// Jest Snapshot v1, https://goo.gl/fbAQLP

exports[`PostCard Snapshot 1`] = `
<a
  className="grid-col-1 grid gap-[0.5rem] rounded-[1rem] bg-base p-[1rem] leading-[1.5rem] duration-200 ease-in-out hover:drop-shadow-regular hover:duration-200 hover:ease-in-out"
  href="https://example.com"
  onClick={[Function]}
  onMouseEnter={[Function]}
>
  <div>
    <h3
      className="text-[1rem] font-bold"
    >
      How to use Testing Library?
    </h3>
    <div
      className="text-[12px]"
    >
      Zenn
    </div>
  </div>
  <button
    className="bg-secondary text-primary before:bg-primary hover:bg-secondary hover:text-white relative z-10 flex w-fit overflow-hidden rounded-full px-5 text-center font-bold leading-10 duration-200 ease-in-out before:absolute before:-left-0 before:-z-10 before:h-10 before:w-full before:-translate-x-full before:rounded-full before:duration-200 before:ease-in-out before:content-[\\"\\"] hover:duration-200 hover:ease-in-out hover:before:translate-x-0 active:scale-95"
    color="secondary"
  >
    More
  </button>
</a>
`;
